+ . /tmp/lgvenv/bin/activate
++ '[' -z '' ']'
++ '[' -n x ']'
++ SCRIPT_PATH=/tmp/lgvenv/bin/activate
++ '[' /tmp/lgvenv/bin/activate = ./lg_run9.sh ']'
++ deactivate nondestructive
++ unset -f pydoc
++ '[' -z '' ']'
++ '[' -z '' ']'
++ hash -r
++ '[' -z '' ']'
++ unset VIRTUAL_ENV
++ unset VIRTUAL_ENV_PROMPT
++ '[' '!' nondestructive = nondestructive ']'
++ VIRTUAL_ENV=/tmp/lgvenv
++ '[' linux-gnu = cygwin ']'
++ '[' linux-gnu = msys ']'
++ export VIRTUAL_ENV
++ '[' -z '' ']'
++ unset SCRIPT_PATH
++ _OLD_VIRTUAL_PATH=/vscode/bin/linux-x64/2242ebbb54efeeb0129e08e919e7e8d43033cd83/bin/remote-cli:/home/codespace/.local/bin:/usr/local/rubies/current/bin:/home/codespace/.dotnet:/home/codespace/nvm/current/bin:/home/codespace/.php/current/bin:/home/codespace/.python/current/bin:/home/codespace/java/current/bin:/home/codespace/.ruby/current/bin:/home/codespace/.local/bin:/usr/local/python/current/bin:/usr/local/py-utils/bin:/usr/local/jupyter:/usr/local/oryx:/usr/local/go/bin:/go/bin:/usr/local/sdkman/bin:/usr/local/sdkman/candidates/java/current/bin:/usr/local/sdkman/candidates/gradle/current/bin:/usr/local/sdkman/candidates/maven/current/bin:/usr/local/sdkman/candidates/ant/current/bin:/usr/local/share/rbenv/shims:/usr/local/share/rbenv/bin:/usr/local/rubies/current/bin:/usr/local/php/current/bin:/opt/conda/bin:/usr/local/share/nvm/versions/node/v24.21.0/bin:/usr/local/hugo/bin:/usr/local/sbin:/usr/local/bin:/usr/sbin:/usr/bin:/sbin:/bin:/usr/share/dotnet:/home/codespace/.dotnet/tools
++ PATH=/tmp/lgvenv/bin:/vscode/bin/linux-x64/2242ebbb54efeeb0129e08e919e7e8d43033cd83/bin/remote-cli:/home/codespace/.local/bin:/usr/local/rubies/current/bin:/home/codespace/.dotnet:/home/codespace/nvm/current/bin:/home/codespace/.php/current/bin:/home/codespace/.python/current/bin:/home/codespace/java/current/bin:/home/codespace/.ruby/current/bin:/home/codespace/.local/bin:/usr/local/python/current/bin:/usr/local/py-utils/bin:/usr/local/jupyter:/usr/local/oryx:/usr/local/go/bin:/go/bin:/usr/local/sdkman/bin:/usr/local/sdkman/candidates/java/current/bin:/usr/local/sdkman/candidates/gradle/current/bin:/usr/local/sdkman/candidates/maven/current/bin:/usr/local/sdkman/candidates/ant/current/bin:/usr/local/share/rbenv/shims:/usr/local/share/rbenv/bin:/usr/local/rubies/current/bin:/usr/local/php/current/bin:/opt/conda/bin:/usr/local/share/nvm/versions/node/v24.21.0/bin:/usr/local/hugo/bin:/usr/local/sbin:/usr/local/bin:/usr/sbin:/usr/bin:/sbin:/bin:/usr/share/dotnet:/home/codespace/.dotnet/tools
++ export PATH
++ '[' x '!=' x ']'
+++ basename /tmp/lgvenv
++ VIRTUAL_ENV_PROMPT=lgvenv
++ export VIRTUAL_ENV_PROMPT
++ '[' -z '' ']'
++ '[' -z '' ']'
++ _OLD_VIRTUAL_PS1=
++ PS1='(lgvenv) '
++ export PS1
++ alias pydoc
++ true
++ hash -r
+ python /tmp/lg_readme2.py
report url http://localhost:3001/reports?history=6b177d8c-ade2-44e8-ae1b-8ce93f9f6e58
report text: 13 | SQUAT REPS · 23 SEPT, 11:20 · GUEST · CAMERA 0 | ALL CLEAN | 13 reps clean. Flags come from depth, trunk lean and range of motion. | SPINE FLEXION OVER THE SESSION | DEGREES | 25° | AVERAGES PER REP | Rep time | 1.1S | Deepest knee angle | 32° | Range of motion | 124° | Movements not counted | 0 | FATIGUE INDICATOR | STEADY | 0 | /
+ echo SHOTS=0
SHOTS=0
+ cp /tmp/readme-run2.log /tmp/readme-shots2/
